Archive member included because of file (symbol)

c:/winavr-20100110/bin/../lib/gcc/avr/4.3.3/../../../../avr/lib/avr5\libprintf_flt.a(vfprintf_flt.o)
                              (vfprintf)
R:\RBE3001\workspace1\RBELib\Release\libRBELib.a(Debug.o)
                              ./src/main.o (initRBELib)
R:\RBE3001\workspace1\RBELib\Release\libRBELib.a(SetServo.o)
                              R:\RBE3001\workspace1\RBELib\Release\libRBELib.a(Debug.o) (initAltCom)
c:/winavr-20100110/bin/../lib/gcc/avr/4.3.3/../../../../avr/lib/avr5\libm.a(addsf3.o)
                              ./src/PID.o (__subsf3)
c:/winavr-20100110/bin/../lib/gcc/avr/4.3.3/../../../../avr/lib/avr5\libm.a(addsf3x.o)
                              c:/winavr-20100110/bin/../lib/gcc/avr/4.3.3/../../../../avr/lib/avr5\libm.a(addsf3.o) (__addsf3x)
c:/winavr-20100110/bin/../lib/gcc/avr/4.3.3/../../../../avr/lib/avr5\libm.a(atan2.o)
                              ./src/motors.o (atan2)
c:/winavr-20100110/bin/../lib/gcc/avr/4.3.3/../../../../avr/lib/avr5\libm.a(atan.o)
                              c:/winavr-20100110/bin/../lib/gcc/avr/4.3.3/../../../../avr/lib/avr5\libm.a(atan2.o) (atan)
c:/winavr-20100110/bin/../lib/gcc/avr/4.3.3/../../../../avr/lib/avr5\libm.a(divsf3.o)
                              ./src/motors.o (__divsf3)
c:/winavr-20100110/bin/../lib/gcc/avr/4.3.3/../../../../avr/lib/avr5\libm.a(divsf3x.o)
                              c:/winavr-20100110/bin/../lib/gcc/avr/4.3.3/../../../../avr/lib/avr5\libm.a(divsf3.o) (__divsf3x)
c:/winavr-20100110/bin/../lib/gcc/avr/4.3.3/../../../../avr/lib/avr5\libm.a(fixsfsi.o)
                              ./src/PID.o (__fixsfsi)
c:/winavr-20100110/bin/../lib/gcc/avr/4.3.3/../../../../avr/lib/avr5\libm.a(fixunssfsi.o)
                              c:/winavr-20100110/bin/../lib/gcc/avr/4.3.3/../../../../avr/lib/avr5\libm.a(fixsfsi.o) (__fixunssfsi)
c:/winavr-20100110/bin/../lib/gcc/avr/4.3.3/../../../../avr/lib/avr5\libm.a(floatsisf.o)
                              ./src/PID.o (__floatsisf)
c:/winavr-20100110/bin/../lib/gcc/avr/4.3.3/../../../../avr/lib/avr5\libm.a(fp_inf.o)
                              c:/winavr-20100110/bin/../lib/gcc/avr/4.3.3/../../../../avr/lib/avr5\libm.a(addsf3x.o) (__fp_inf)
c:/winavr-20100110/bin/../lib/gcc/avr/4.3.3/../../../../avr/lib/avr5\libm.a(fp_nan.o)
                              c:/winavr-20100110/bin/../lib/gcc/avr/4.3.3/../../../../avr/lib/avr5\libm.a(addsf3x.o) (__fp_nan)
c:/winavr-20100110/bin/../lib/gcc/avr/4.3.3/../../../../avr/lib/avr5\libm.a(fp_powser.o)
                              c:/winavr-20100110/bin/../lib/gcc/avr/4.3.3/../../../../avr/lib/avr5\libm.a(atan.o) (__fp_powser)
c:/winavr-20100110/bin/../lib/gcc/avr/4.3.3/../../../../avr/lib/avr5\libm.a(fp_pscA.o)
                              c:/winavr-20100110/bin/../lib/gcc/avr/4.3.3/../../../../avr/lib/avr5\libm.a(addsf3x.o) (__fp_pscA)
c:/winavr-20100110/bin/../lib/gcc/avr/4.3.3/../../../../avr/lib/avr5\libm.a(fp_pscB.o)
                              c:/winavr-20100110/bin/../lib/gcc/avr/4.3.3/../../../../avr/lib/avr5\libm.a(addsf3x.o) (__fp_pscB)
c:/winavr-20100110/bin/../lib/gcc/avr/4.3.3/../../../../avr/lib/avr5\libm.a(fp_round.o)
                              c:/winavr-20100110/bin/../lib/gcc/avr/4.3.3/../../../../avr/lib/avr5\libm.a(addsf3.o) (__fp_round)
c:/winavr-20100110/bin/../lib/gcc/avr/4.3.3/../../../../avr/lib/avr5\libm.a(fp_split3.o)
                              c:/winavr-20100110/bin/../lib/gcc/avr/4.3.3/../../../../avr/lib/avr5\libm.a(addsf3x.o) (__fp_split3)
c:/winavr-20100110/bin/../lib/gcc/avr/4.3.3/../../../../avr/lib/avr5\libm.a(fp_zero.o)
                              c:/winavr-20100110/bin/../lib/gcc/avr/4.3.3/../../../../avr/lib/avr5\libm.a(addsf3x.o) (__fp_zero)
c:/winavr-20100110/bin/../lib/gcc/avr/4.3.3/../../../../avr/lib/avr5\libm.a(inverse.o)
                              c:/winavr-20100110/bin/../lib/gcc/avr/4.3.3/../../../../avr/lib/avr5\libm.a(atan.o) (inverse)
c:/winavr-20100110/bin/../lib/gcc/avr/4.3.3/../../../../avr/lib/avr5\libm.a(mulsf3.o)
                              ./src/PID.o (__mulsf3)
c:/winavr-20100110/bin/../lib/gcc/avr/4.3.3/../../../../avr/lib/avr5\libm.a(mulsf3x.o)
                              c:/winavr-20100110/bin/../lib/gcc/avr/4.3.3/../../../../avr/lib/avr5\libm.a(atan.o) (__mulsf3x)
c:/winavr-20100110/bin/../lib/gcc/avr/4.3.3/../../../../avr/lib/avr5\libm.a(sqrt.o)
                              ./src/motors.o (sqrt)
c:/winavr-20100110/bin/../lib/gcc/avr/4.3.3/../../../../avr/lib/avr5\libm.a(square.o)
                              c:/winavr-20100110/bin/../lib/gcc/avr/4.3.3/../../../../avr/lib/avr5\libm.a(atan.o) (square)
c:/winavr-20100110/bin/../lib/gcc/avr/4.3.3/../../../../avr/lib/avr5\libm.a(fp_mpack.o)
                              c:/winavr-20100110/bin/../lib/gcc/avr/4.3.3/../../../../avr/lib/avr5\libm.a(sqrt.o) (__fp_mpack)
c:/winavr-20100110/bin/../lib/gcc/avr/4.3.3/../../../../avr/lib/avr5\libm.a(fp_norm2.o)
                              c:/winavr-20100110/bin/../lib/gcc/avr/4.3.3/../../../../avr/lib/avr5\libm.a(sqrt.o) (__fp_norm2)
c:/winavr-20100110/bin/../lib/gcc/avr/4.3.3/avr5\libgcc.a(_divmodhi4.o)
                              ./src/pot.o (__divmodhi4)
c:/winavr-20100110/bin/../lib/gcc/avr/4.3.3/avr5\libgcc.a(_udivmodsi4.o)
                              R:\RBE3001\workspace1\RBELib\Release\libRBELib.a(SetServo.o) (__udivmodsi4)
c:/winavr-20100110/bin/../lib/gcc/avr/4.3.3/avr5\libgcc.a(_prologue.o)
                              c:/winavr-20100110/bin/../lib/gcc/avr/4.3.3/../../../../avr/lib/avr5\libprintf_flt.a(vfprintf_flt.o) (__prologue_saves__)
c:/winavr-20100110/bin/../lib/gcc/avr/4.3.3/avr5\libgcc.a(_epilogue.o)
                              c:/winavr-20100110/bin/../lib/gcc/avr/4.3.3/../../../../avr/lib/avr5\libprintf_flt.a(vfprintf_flt.o) (__epilogue_restores__)
c:/winavr-20100110/bin/../lib/gcc/avr/4.3.3/avr5\libgcc.a(_exit.o)
                              c:/winavr-20100110/bin/../lib/gcc/avr/4.3.3/../../../../avr/lib/avr5/crtm644p.o (exit)
c:/winavr-20100110/bin/../lib/gcc/avr/4.3.3/avr5\libgcc.a(_copy_data.o)
                              ./src/PID.o (__do_copy_data)
c:/winavr-20100110/bin/../lib/gcc/avr/4.3.3/avr5\libgcc.a(_clear_bss.o)
                              ./src/PID.o (__do_clear_bss)
c:/winavr-20100110/bin/../lib/gcc/avr/4.3.3/avr5\libgcc.a(_udivmodhi4.o)
                              c:/winavr-20100110/bin/../lib/gcc/avr/4.3.3/avr5\libgcc.a(_divmodhi4.o) (__udivmodhi4)
c:/winavr-20100110/bin/../lib/gcc/avr/4.3.3/../../../../avr/lib/avr5\libc.a(ftoa_engine.o)
                              c:/winavr-20100110/bin/../lib/gcc/avr/4.3.3/../../../../avr/lib/avr5\libprintf_flt.a(vfprintf_flt.o) (__ftoa_engine)
c:/winavr-20100110/bin/../lib/gcc/avr/4.3.3/../../../../avr/lib/avr5\libc.a(strnlen_P.o)
                              c:/winavr-20100110/bin/../lib/gcc/avr/4.3.3/../../../../avr/lib/avr5\libprintf_flt.a(vfprintf_flt.o) (strnlen_P)
c:/winavr-20100110/bin/../lib/gcc/avr/4.3.3/../../../../avr/lib/avr5\libc.a(strnlen.o)
                              c:/winavr-20100110/bin/../lib/gcc/avr/4.3.3/../../../../avr/lib/avr5\libprintf_flt.a(vfprintf_flt.o) (strnlen)
c:/winavr-20100110/bin/../lib/gcc/avr/4.3.3/../../../../avr/lib/avr5\libc.a(fputc.o)
                              c:/winavr-20100110/bin/../lib/gcc/avr/4.3.3/../../../../avr/lib/avr5\libprintf_flt.a(vfprintf_flt.o) (fputc)
c:/winavr-20100110/bin/../lib/gcc/avr/4.3.3/../../../../avr/lib/avr5\libc.a(iob.o)
                              R:\RBE3001\workspace1\RBELib\Release\libRBELib.a(Debug.o) (__iob)
c:/winavr-20100110/bin/../lib/gcc/avr/4.3.3/../../../../avr/lib/avr5\libc.a(printf.o)
                              ./src/main.o (printf)
c:/winavr-20100110/bin/../lib/gcc/avr/4.3.3/../../../../avr/lib/avr5\libc.a(sprintf.o)
                              R:\RBE3001\workspace1\RBELib\Release\libRBELib.a(SetServo.o) (sprintf)
c:/winavr-20100110/bin/../lib/gcc/avr/4.3.3/../../../../avr/lib/avr5\libc.a(ultoa_invert.o)
                              c:/winavr-20100110/bin/../lib/gcc/avr/4.3.3/../../../../avr/lib/avr5\libprintf_flt.a(vfprintf_flt.o) (__ultoa_invert)

Allocating common symbols
Common symbol       size              file

currentVal          0x2               ./src/main.o
buttonState         0x2               ./src/button.o
prevAngle           0x2               ./src/button.o
numerator1          0x4               ./src/motors.o
currentCount        0x4               ./src/sensors.o
testVal             0x2               ./src/main.o
potCounts           0x2               ./src/main.o
difference          0x4               ./src/sensors.o
denominator1        0x4               ./src/motors.o
angle               0x2               ./src/button.o
prevButton          0x2               ./src/button.o
historyH            0x50              ./src/PID.o
numerator2          0x4               ./src/motors.o
potDegs             0x2               ./src/main.o
dir                 0x2               ./src/main.o
thisCurrent         0x2               ./src/main.o
strtTime            0x2               ./src/main.o
pidConsts           0x18              ./src/PID.o
denominator2        0x4               ./src/motors.o
thisCurrentRaw      0x2               ./src/main.o
armPos              0x2               ./src/main.o
potmVolts           0x2               ./src/main.o
__iob               0x6               c:/winavr-20100110/bin/../lib/gcc/avr/4.3.3/../../../../avr/lib/avr5\libc.a(iob.o)
historyL            0x50              ./src/PID.o
value               0x2               ./src/PID.o

Memory Configuration

Name             Origin             Length             Attributes
text             0x00000000         0x00020000         xr
data             0x00800060         0x0000ffa0         rw !x
eeprom           0x00810000         0x00010000         rw !x
fuse             0x00820000         0x00000400         rw !x
lock             0x00830000         0x00000400         rw !x
signature        0x00840000         0x00000400         rw !x
*default*        0x00000000         0xffffffff

Linker script and memory map

Address of section .data set to 0x800100
LOAD c:/winavr-20100110/bin/../lib/gcc/avr/4.3.3/../../../../avr/lib/avr5/crtm644p.o
LOAD c:/winavr-20100110/bin/../lib/gcc/avr/4.3.3/../../../../avr/lib/avr5\libprintf_flt.a
LOAD c:/winavr-20100110/bin/../lib/gcc/avr/4.3.3/../../../../avr/lib/avr5\libm.a
LOAD ./src/ADC.o
LOAD ./src/DAC.o
LOAD ./src/PID.o
LOAD ./src/Periph.o
LOAD ./src/SPI.o
LOAD ./src/USART.o
LOAD ./src/arm.o
LOAD ./src/button.o
LOAD ./src/main.o
LOAD ./src/motors.o
LOAD ./src/pot.o
LOAD ./src/sensors.o
LOAD R:\RBE3001\workspace1\RBELib\Release\libRBELib.a
LOAD c:/winavr-20100110/bin/../lib/gcc/avr/4.3.3/../../../../avr/lib/avr5\libm.a
LOAD c:/winavr-20100110/bin/../lib/gcc/avr/4.3.3/avr5\libgcc.a
LOAD c:/winavr-20100110/bin/../lib/gcc/avr/4.3.3/../../../../avr/lib/avr5\libc.a
LOAD c:/winavr-20100110/bin/../lib/gcc/avr/4.3.3/avr5\libgcc.a

.hash
 *(.hash)

.dynsym
 *(.dynsym)

.dynstr
 *(.dynstr)

.gnu.version
 *(.gnu.version)

.gnu.version_d
 *(.gnu.version_d)

.gnu.version_r
 *(.gnu.version_r)

.rel.init
 *(.rel.init)

.rela.init
 *(.rela.init)

.rel.text
 *(.rel.text)
 *(.rel.text.*)
 *(.rel.gnu.linkonce.t*)

.rela.text
 *(.rela.text)
 *(.rela.text.*)
 *(.rela.gnu.linkonce.t*)

.rel.fini
 *(.rel.fini)

.rela.fini
 *(.rela.fini)

.rel.rodata
 *(.rel.rodata)
 *(.rel.rodata.*)
 *(.rel.gnu.linkonce.r*)

.rela.rodata
 *(.rela.rodata)
 *(.rela.rodata.*)
 *(.rela.gnu.linkonce.r*)

.rel.data
 *(.rel.data)
 *(.rel.data.*)
 *(.rel.gnu.linkonce.d*)

.rela.data
 *(.rela.data)
 *(.rela.data.*)
 *(.rela.gnu.linkonce.d*)

.rel.ctors
 *(.rel.ctors)

.rela.ctors
 *(.rela.ctors)

.rel.dtors
 *(.rel.dtors)

.rela.dtors
 *(.rela.dtors)

.rel.got
 *(.rel.got)

.rela.got
 *(.rela.got)

.rel.bss
 *(.rel.bss)

.rela.bss
 *(.rela.bss)

.rel.plt
 *(.rel.plt)

.rela.plt
 *(.rela.plt)

.text           0x00000000     0x275c
 *(.vectors)
 .vectors       0x00000000       0x7c c:/winavr-20100110/bin/../lib/gcc/avr/4.3.3/../../../../avr/lib/avr5/crtm644p.o
                0x00000000                __vectors
                0x00000000                __vector_default
 *(.vectors)
 *(.progmem.gcc*)
 .progmem.gcc_fplib
                0x0000007c       0x2d c:/winavr-20100110/bin/../lib/gcc/avr/4.3.3/../../../../avr/lib/avr5\libm.a(atan.o)
 *(.progmem*)
 .progmem.data  0x000000a9        0x8 c:/winavr-20100110/bin/../lib/gcc/avr/4.3.3/../../../../avr/lib/avr5\libprintf_flt.a(vfprintf_flt.o)
 .progmem.data  0x000000b1       0xfa c:/winavr-20100110/bin/../lib/gcc/avr/4.3.3/../../../../avr/lib/avr5\libc.a(ftoa_engine.o)
                0x000001ac                . = ALIGN (0x2)
 *fill*         0x000001ab        0x1 00
                0x000001ac                __trampolines_start = .
 *(.trampolines)
 .trampolines   0x000001ac        0x0 linker stubs
 *(.trampolines*)
                0x000001ac                __trampolines_end = .
 *(.jumptables)
 *(.jumptables*)
 *(.lowtext)
 *(.lowtext*)
                0x000001ac                __ctors_start = .
 *(.ctors)
                0x000001ac                __ctors_end = .
                0x000001ac                __dtors_start = .
 *(.dtors)
                0x000001ac                __dtors_end = .
 SORT(*)(.ctors)
 SORT(*)(.dtors)
 *(.init0)
 .init0         0x000001ac        0x0 c:/winavr-20100110/bin/../lib/gcc/avr/4.3.3/../../../../avr/lib/avr5/crtm644p.o
                0x000001ac                __init
 *(.init0)
 *(.init1)
 *(.init1)
 *(.init2)
 .init2         0x000001ac        0xc c:/winavr-20100110/bin/../lib/gcc/avr/4.3.3/../../../../avr/lib/avr5/crtm644p.o
 *(.init2)
 *(.init3)
 *(.init3)
 *(.init4)
 .init4         0x000001b8       0x16 c:/winavr-20100110/bin/../lib/gcc/avr/4.3.3/avr5\libgcc.a(_copy_data.o)
                0x000001b8                __do_copy_data
 .init4         0x000001ce       0x10 c:/winavr-20100110/bin/../lib/gcc/avr/4.3.3/avr5\libgcc.a(_clear_bss.o)
                0x000001ce                __do_clear_bss
 *(.init4)
 *(.init5)
 *(.init5)
 *(.init6)
 *(.init6)
 *(.init7)
 *(.init7)
 *(.init8)
 *(.init8)
 *(.init9)
 .init9         0x000001de        0x8 c:/winavr-20100110/bin/../lib/gcc/avr/4.3.3/../../../../avr/lib/avr5/crtm644p.o
 *(.init9)
 *(.text)
 .text          0x000001e6        0x4 c:/winavr-20100110/bin/../lib/gcc/avr/4.3.3/../../../../avr/lib/avr5/crtm644p.o
                0x000001e6                __vector_22
                0x000001e6                __vector_28
                0x000001e6                __vector_1
                0x000001e6                __vector_24
                0x000001e6                __vector_12
                0x000001e6                __bad_interrupt
                0x000001e6                __vector_6
                0x000001e6                __vector_3
                0x000001e6                __vector_23
                0x000001e6                __vector_30
                0x000001e6                __vector_25
                0x000001e6                __vector_11
                0x000001e6                __vector_13
                0x000001e6                __vector_17
                0x000001e6                __vector_19
                0x000001e6                __vector_7
                0x000001e6                __vector_27
                0x000001e6                __vector_5
                0x000001e6                __vector_4
                0x000001e6                __vector_9
                0x000001e6                __vector_2
                0x000001e6                __vector_21
                0x000001e6                __vector_15
                0x000001e6                __vector_29
                0x000001e6                __vector_8
                0x000001e6                __vector_26
                0x000001e6                __vector_14
                0x000001e6                __vector_10
                0x000001e6                __vector_18
                0x000001e6                __vector_20
 .text          0x000001ea        0x0 c:/winavr-20100110/bin/../lib/gcc/avr/4.3.3/../../../../avr/lib/avr5\libprintf_flt.a(vfprintf_flt.o)
 .text          0x000001ea        0x0 ./src/ADC.o
 .text          0x000001ea        0x0 ./src/DAC.o
 .text          0x000001ea        0x0 ./src/PID.o
 .text          0x000001ea        0x0 ./src/Periph.o
 .text          0x000001ea        0x0 ./src/SPI.o
 .text          0x000001ea        0x0 ./src/USART.o
 .text          0x000001ea        0x0 ./src/arm.o
 .text          0x000001ea        0x0 ./src/button.o
 .text          0x000001ea        0x0 ./src/main.o
 .text          0x000001ea        0x0 ./src/motors.o
 .text          0x000001ea        0x0 ./src/pot.o
 .text          0x000001ea        0x0 ./src/sensors.o
 .text          0x000001ea        0x0 R:\RBE3001\workspace1\RBELib\Release\libRBELib.a(Debug.o)
 .text          0x000001ea        0x0 R:\RBE3001\workspace1\RBELib\Release\libRBELib.a(SetServo.o)
 .text          0x000001ea        0x0 c:/winavr-20100110/bin/../lib/gcc/avr/4.3.3/../../../../avr/lib/avr5\libm.a(addsf3.o)
 .text          0x000001ea        0x0 c:/winavr-20100110/bin/../lib/gcc/avr/4.3.3/../../../../avr/lib/avr5\libm.a(addsf3x.o)
 .text          0x000001ea        0x0 c:/winavr-20100110/bin/../lib/gcc/avr/4.3.3/../../../../avr/lib/avr5\libm.a(atan2.o)
 .text          0x000001ea        0x0 c:/winavr-20100110/bin/../lib/gcc/avr/4.3.3/../../../../avr/lib/avr5\libm.a(atan.o)
 .text          0x000001ea        0x0 c:/winavr-20100110/bin/../lib/gcc/avr/4.3.3/../../../../avr/lib/avr5\libm.a(divsf3.o)
 .text          0x000001ea        0x0 c:/winavr-20100110/bin/../lib/gcc/avr/4.3.3/../../../../avr/lib/avr5\libm.a(divsf3x.o)
 .text          0x000001ea        0x0 c:/winavr-20100110/bin/../lib/gcc/avr/4.3.3/../../../../avr/lib/avr5\libm.a(fixsfsi.o)
 .text          0x000001ea        0x0 c:/winavr-20100110/bin/../lib/gcc/avr/4.3.3/../../../../avr/lib/avr5\libm.a(fixunssfsi.o)
 .text          0x000001ea        0x0 c:/winavr-20100110/bin/../lib/gcc/avr/4.3.3/../../../../avr/lib/avr5\libm.a(floatsisf.o)
 .text          0x000001ea        0x0 c:/winavr-20100110/bin/../lib/gcc/avr/4.3.3/../../../../avr/lib/avr5\libm.a(fp_inf.o)
 .text          0x000001ea        0x0 c:/winavr-20100110/bin/../lib/gcc/avr/4.3.3/../../../../avr/lib/avr5\libm.a(fp_nan.o)
 .text          0x000001ea        0x0 c:/winavr-20100110/bin/../lib/gcc/avr/4.3.3/../../../../avr/lib/avr5\libm.a(fp_powser.o)
 .text          0x000001ea        0x0 c:/winavr-20100110/bin/../lib/gcc/avr/4.3.3/../../../../avr/lib/avr5\libm.a(fp_pscA.o)
 .text          0x000001ea        0x0 c:/winavr-20100110/bin/../lib/gcc/avr/4.3.3/../../../../avr/lib/avr5\libm.a(fp_pscB.o)
 .text          0x000001ea        0x0 c:/winavr-20100110/bin/../lib/gcc/avr/4.3.3/../../../../avr/lib/avr5\libm.a(fp_round.o)
 .text          0x000001ea        0x0 c:/winavr-20100110/bin/../lib/gcc/avr/4.3.3/../../../../avr/lib/avr5\libm.a(fp_split3.o)
 .text          0x000001ea        0x0 c:/winavr-20100110/bin/../lib/gcc/avr/4.3.3/../../../../avr/lib/avr5\libm.a(fp_zero.o)
 .text          0x000001ea        0x0 c:/winavr-20100110/bin/../lib/gcc/avr/4.3.3/../../../../avr/lib/avr5\libm.a(inverse.o)
 .text          0x000001ea        0x0 c:/winavr-20100110/bin/../lib/gcc/avr/4.3.3/../../../../avr/lib/avr5\libm.a(mulsf3.o)
 .text          0x000001ea        0x0 c:/winavr-20100110/bin/../lib/gcc/avr/4.3.3/../../../../avr/lib/avr5\libm.a(mulsf3x.o)
 .text          0x000001ea        0x0 c:/winavr-20100110/bin/../lib/gcc/avr/4.3.3/../../../../avr/lib/avr5\libm.a(sqrt.o)
 .text          0x000001ea        0x0 c:/winavr-20100110/bin/../lib/gcc/avr/4.3.3/../../../../avr/lib/avr5\libm.a(square.o)
 .text          0x000001ea        0x0 c:/winavr-20100110/bin/../lib/gcc/avr/4.3.3/../../../../avr/lib/avr5\libm.a(fp_mpack.o)
 .text          0x000001ea        0x0 c:/winavr-20100110/bin/../lib/gcc/avr/4.3.3/../../../../avr/lib/avr5\libm.a(fp_norm2.o)
 .text          0x000001ea        0x0 c:/winavr-20100110/bin/../lib/gcc/avr/4.3.3/avr5\libgcc.a(_divmodhi4.o)
 .text          0x000001ea        0x0 c:/winavr-20100110/bin/../lib/gcc/avr/4.3.3/avr5\libgcc.a(_udivmodsi4.o)
 .text          0x000001ea        0x0 c:/winavr-20100110/bin/../lib/gcc/avr/4.3.3/avr5\libgcc.a(_prologue.o)
 .text          0x000001ea        0x0 c:/winavr-20100110/bin/../lib/gcc/avr/4.3.3/avr5\libgcc.a(_epilogue.o)
 .text          0x000001ea        0x0 c:/winavr-20100110/bin/../lib/gcc/avr/4.3.3/avr5\libgcc.a(_exit.o)
 .text          0x000001ea        0x0 c:/winavr-20100110/bin/../lib/gcc/avr/4.3.3/avr5\libgcc.a(_copy_data.o)
 .text          0x000001ea        0x0 c:/winavr-20100110/bin/../lib/gcc/avr/4.3.3/avr5\libgcc.a(_clear_bss.o)
 .text          0x000001ea        0x0 c:/winavr-20100110/bin/../lib/gcc/avr/4.3.3/avr5\libgcc.a(_udivmodhi4.o)
 .text          0x000001ea        0x0 c:/winavr-20100110/bin/../lib/gcc/avr/4.3.3/../../../../avr/lib/avr5\libc.a(ftoa_engine.o)
 .text          0x000001ea        0x0 c:/winavr-20100110/bin/../lib/gcc/avr/4.3.3/../../../../avr/lib/avr5\libc.a(strnlen_P.o)
 .text          0x000001ea        0x0 c:/winavr-20100110/bin/../lib/gcc/avr/4.3.3/../../../../avr/lib/avr5\libc.a(strnlen.o)
 .text          0x000001ea        0x0 c:/winavr-20100110/bin/../lib/gcc/avr/4.3.3/../../../../avr/lib/avr5\libc.a(fputc.o)
 .text          0x000001ea        0x0 c:/winavr-20100110/bin/../lib/gcc/avr/4.3.3/../../../../avr/lib/avr5\libc.a(iob.o)
 .text          0x000001ea        0x0 c:/winavr-20100110/bin/../lib/gcc/avr/4.3.3/../../../../avr/lib/avr5\libc.a(printf.o)
 .text          0x000001ea        0x0 c:/winavr-20100110/bin/../lib/gcc/avr/4.3.3/../../../../avr/lib/avr5\libc.a(sprintf.o)
 .text          0x000001ea        0x0 c:/winavr-20100110/bin/../lib/gcc/avr/4.3.3/../../../../avr/lib/avr5\libc.a(ultoa_invert.o)
                0x000001ea                . = ALIGN (0x2)
 *(.text.*)
 .text.avr-libc
                0x000001ea      0x70e c:/winavr-20100110/bin/../lib/gcc/avr/4.3.3/../../../../avr/lib/avr5\libprintf_flt.a(vfprintf_flt.o)
                0x000001ea                vfprintf
 .text.initADC  0x000008f8       0x26 ./src/ADC.o
                0x000008f8                initADC
 .text.clearADC
                0x0000091e        0x8 ./src/ADC.o
                0x0000091e                clearADC
 .text.getADC   0x00000926       0x38 ./src/ADC.o
                0x00000926                getADC
 .text.changeADC
                0x0000095e        0x8 ./src/ADC.o
                0x0000095e                changeADC
 .text.setDAC   0x00000966       0x78 ./src/DAC.o
                0x00000966                setDAC
 .text.setConst
                0x000009de       0x86 ./src/PID.o
                0x000009de                setConst
 .text.calcError
                0x00000a64        0xa ./src/PID.o
                0x00000a64                calcError
 .text.updateHistory
                0x00000a6e       0xba ./src/PID.o
                0x00000a6e                updateHistory
 .text.sumPastError
                0x00000b28       0x6e ./src/PID.o
                0x00000b28                sumPastError
 .text.calcDifference
                0x00000b96       0x56 ./src/PID.o
                0x00000b96                calcDifference
 .text.calcPID  0x00000bec       0xfe ./src/PID.o
                0x00000bec                calcPID
 .text.IRDist   0x00000cea        0x6 ./src/Periph.o
                0x00000cea                IRDist
 .text.encCount
                0x00000cf0       0x98 ./src/Periph.o
                0x00000cf0                encCount
 .text.resetEncCount
                0x00000d88       0x40 ./src/Periph.o
                0x00000d88                resetEncCount
 .text.encInit  0x00000dc8       0xba ./src/Periph.o
                0x00000dc8                encInit
 .text.getAccel
                0x00000e82       0xba ./src/Periph.o
                0x00000e82                getAccel
 .text.initSPI  0x00000f3c       0x74 ./src/SPI.o
                0x00000f3c                initSPI
 .text.spiTransceive
                0x00000fb0        0xc ./src/SPI.o
                0x00000fb0                spiTransceive
 .text.debugUSARTInit
                0x00000fbc       0x42 ./src/USART.o
                0x00000fbc                debugUSARTInit
 .text.putCharDebug
                0x00000ffe       0x1e ./src/USART.o
                0x00000ffe                putCharDebug
 .text.getCharDebug
                0x0000101c        0xe ./src/USART.o
                0x0000101c                getCharDebug
 .text.moveArm  0x0000102a       0x34 ./src/arm.o
                0x0000102a                moveArm
 .text.initButtons
                0x0000105e       0x52 ./src/button.o
                0x0000105e                initButtons
 .text.readButtons
                0x000010b0       0x50 ./src/button.o
                0x000010b0                readButtons
 .text.startTimer0
                0x00001100       0x3c ./src/main.o
                0x00001100                startTimer0
 .text.__vector_16
                0x0000113c      0x1ea ./src/main.o
                0x0000113c                __vector_16
 .text.main     0x00001326       0xa2 ./src/main.o
                0x00001326                main
 .text.map      0x000013c8       0x9a ./src/motors.o
                0x000013c8                map
 .text.armLAngle
                0x00001462       0x9c ./src/motors.o
                0x00001462                armLAngle
 .text.armUAngle
                0x000014fe       0x9c ./src/motors.o
                0x000014fe                armUAngle
 .text.radToDegree
                0x0000159a       0x28 ./src/motors.o
                0x0000159a                radToDegree
 .text.settled  0x000015c2       0x20 ./src/motors.o
                0x000015c2                settled
 .text.driveLink
                0x000015e2       0x78 ./src/motors.o
                0x000015e2                driveLink
 .text.stopMotors
                0x0000165a       0x32 ./src/motors.o
                0x0000165a                stopMotors
 .text.gotoXY   0x0000168c      0x33c ./src/motors.o
                0x0000168c                gotoXY
 .text.gotoAngles
                0x000019c8       0xcc ./src/motors.o
                0x000019c8                gotoAngles
 .text.homePos  0x00001a94       0x2e ./src/motors.o
                0x00001a94                homePos
 .text.potAngle
                0x00001ac2       0x20 ./src/pot.o
                0x00001ac2                potAngle
 .text.potVolts
                0x00001ae2       0x12 ./src/pot.o
                0x00001ae2                potVolts
 .text.GetAcceleration
                0x00001af4       0x64 ./src/sensors.o
                0x00001af4                GetAcceleration
 .text.EncoderCounts
                0x00001b58       0xe6 ./src/sensors.o
                0x00001b58                EncoderCounts
 .text.initRBELib
                0x00001c3e       0x1a R:\RBE3001\workspace1\RBELib\Release\libRBELib.a(Debug.o)
                0x00001c3e                initRBELib
 .text.printfRBE
                0x00001c58        0xa R:\RBE3001\workspace1\RBELib\Release\libRBELib.a(Debug.o)
                0x00001c58                printfRBE
 .text.initAltCom
                0x00001c62       0x38 R:\RBE3001\workspace1\RBELib\Release\libRBELib.a(SetServo.o)
                0x00001c62                initAltCom
 .text.setCharDebug
                0x00001c9a       0x10 R:\RBE3001\workspace1\RBELib\Release\libRBELib.a(SetServo.o)
                0x00001c9a                setCharDebug
 .text.coPrintf
                0x00001caa       0x1a R:\RBE3001\workspace1\RBELib\Release\libRBELib.a(SetServo.o)
                0x00001caa                coPrintf
 .text.setServo
                0x00001cc4       0x84 R:\RBE3001\workspace1\RBELib\Release\libRBELib.a(SetServo.o)
                0x00001cc4                setServo
 .text.avr-libc.fplib
                0x00001d48        0xa c:/winavr-20100110/bin/../lib/gcc/avr/4.3.3/../../../../avr/lib/avr5\libm.a(addsf3.o)
                0x00001d48                __subsf3
                0x00001d4a                __addsf3
 .text.avr-libc.fplib
                0x00001d52       0xc0 c:/winavr-20100110/bin/../lib/gcc/avr/4.3.3/../../../../avr/lib/avr5\libm.a(addsf3x.o)
                0x00001d6c                __addsf3x
 .text.avr-libc.fplib
                0x00001e12       0x74 c:/winavr-20100110/bin/../lib/gcc/avr/4.3.3/../../../../avr/lib/avr5\libm.a(atan2.o)
                0x00001e30                atan2
 .text.avr-libc.fplib
                0x00001e86       0x50 c:/winavr-20100110/bin/../lib/gcc/avr/4.3.3/../../../../avr/lib/avr5\libm.a(atan.o)
                0x00001e86                atan
 .text.avr-libc.fplib
                0x00001ed6        0x4 c:/winavr-20100110/bin/../lib/gcc/avr/4.3.3/../../../../avr/lib/avr5\libm.a(divsf3.o)
                0x00001ed6                __divsf3
 .text.avr-libc.fplib
                0x00001eda       0xcc c:/winavr-20100110/bin/../lib/gcc/avr/4.3.3/../../../../avr/lib/avr5\libm.a(divsf3x.o)
                0x00001ef0                __divsf3x
                0x00001ef4                __divsf3_pse
 .text.avr-libc.fplib
                0x00001fa6        0xa c:/winavr-20100110/bin/../lib/gcc/avr/4.3.3/../../../../avr/lib/avr5\libm.a(fixsfsi.o)
                0x00001fa6                __fixsfsi
 .text.avr-libc.fplib
                0x00001fb0       0x58 c:/winavr-20100110/bin/../lib/gcc/avr/4.3.3/../../../../avr/lib/avr5\libm.a(fixunssfsi.o)
                0x00001fb0                __fixunssfsi
 .text.avr-libc.fplib
                0x00002008       0x7a c:/winavr-20100110/bin/../lib/gcc/avr/4.3.3/../../../../avr/lib/avr5\libm.a(floatsisf.o)
                0x0000200c                __floatsisf
                0x00002008                __floatunsisf
 .text.avr-libc.fplib
                0x00002082        0xc c:/winavr-20100110/bin/../lib/gcc/avr/4.3.3/../../../../avr/lib/avr5\libm.a(fp_inf.o)
                0x00002082                __fp_inf
 .text.avr-libc.fplib
                0x0000208e        0x6 c:/winavr-20100110/bin/../lib/gcc/avr/4.3.3/../../../../avr/lib/avr5\libm.a(fp_nan.o)
                0x0000208e                __fp_nan
 .text.avr-libc.fplib
                0x00002094       0x4a c:/winavr-20100110/bin/../lib/gcc/avr/4.3.3/../../../../avr/lib/avr5\libm.a(fp_powser.o)
                0x00002094                __fp_powser
 .text.avr-libc.fplib
                0x000020de        0xe c:/winavr-20100110/bin/../lib/gcc/avr/4.3.3/../../../../avr/lib/avr5\libm.a(fp_pscA.o)
                0x000020de                __fp_pscA
 .text.avr-libc.fplib
                0x000020ec        0xe c:/winavr-20100110/bin/../lib/gcc/avr/4.3.3/../../../../avr/lib/avr5\libm.a(fp_pscB.o)
                0x000020ec                __fp_pscB
 .text.avr-libc.fplib
                0x000020fa       0x22 c:/winavr-20100110/bin/../lib/gcc/avr/4.3.3/../../../../avr/lib/avr5\libm.a(fp_round.o)
                0x000020fa                __fp_round
 .text.avr-libc.fplib
                0x0000211c       0x44 c:/winavr-20100110/bin/../lib/gcc/avr/4.3.3/../../../../avr/lib/avr5\libm.a(fp_split3.o)
                0x0000211c                __fp_split3
                0x0000212c                __fp_splitA
 .text.avr-libc.fplib
                0x00002160        0xe c:/winavr-20100110/bin/../lib/gcc/avr/4.3.3/../../../../avr/lib/avr5\libm.a(fp_zero.o)
                0x00002160                __fp_zero
                0x00002162                __fp_szero
 .text.avr-libc.fplib
                0x0000216e        0xe c:/winavr-20100110/bin/../lib/gcc/avr/4.3.3/../../../../avr/lib/avr5\libm.a(inverse.o)
                0x0000216e                inverse
 .text.avr-libc.fplib
                0x0000217c        0x4 c:/winavr-20100110/bin/../lib/gcc/avr/4.3.3/../../../../avr/lib/avr5\libm.a(mulsf3.o)
                0x0000217c                __mulsf3
 .text.avr-libc.fplib
                0x00002180       0xc2 c:/winavr-20100110/bin/../lib/gcc/avr/4.3.3/../../../../avr/lib/avr5\libm.a(mulsf3x.o)
                0x00002198                __mulsf3_pse
                0x00002194                __mulsf3x
 .text.avr-libc.fplib
                0x00002242       0x84 c:/winavr-20100110/bin/../lib/gcc/avr/4.3.3/../../../../avr/lib/avr5\libm.a(sqrt.o)
                0x0000224a                sqrt
 .text.avr-libc.fplib
                0x000022c6        0x6 c:/winavr-20100110/bin/../lib/gcc/avr/4.3.3/../../../../avr/lib/avr5\libm.a(square.o)
                0x000022c6                square
 .text.avr-libc.fplib
                0x000022cc       0x1c c:/winavr-20100110/bin/../lib/gcc/avr/4.3.3/../../../../avr/lib/avr5\libm.a(fp_mpack.o)
                0x000022d0                __fp_mpack_finite
                0x000022cc                __fp_mpack
 .text.avr-libc.fplib
                0x000022e8        0xe c:/winavr-20100110/bin/../lib/gcc/avr/4.3.3/../../../../avr/lib/avr5\libm.a(fp_norm2.o)
                0x000022e8                __fp_norm2
 .text.libgcc   0x000022f6       0x26 c:/winavr-20100110/bin/../lib/gcc/avr/4.3.3/avr5\libgcc.a(_divmodhi4.o)
                0x000022f6                __divmodhi4
                0x000022f6                _div
 .text.libgcc   0x0000231c       0x44 c:/winavr-20100110/bin/../lib/gcc/avr/4.3.3/avr5\libgcc.a(_udivmodsi4.o)
                0x0000231c                __udivmodsi4
 .text.libgcc   0x00002360       0x38 c:/winavr-20100110/bin/../lib/gcc/avr/4.3.3/avr5\libgcc.a(_prologue.o)
                0x00002360                __prologue_saves__
 .text.libgcc   0x00002398       0x36 c:/winavr-20100110/bin/../lib/gcc/avr/4.3.3/avr5\libgcc.a(_epilogue.o)
                0x00002398                __epilogue_restores__
 .text.libgcc   0x000023ce        0x0 c:/winavr-20100110/bin/../lib/gcc/avr/4.3.3/avr5\libgcc.a(_exit.o)
 .text.libgcc   0x000023ce        0x0 c:/winavr-20100110/bin/../lib/gcc/avr/4.3.3/avr5\libgcc.a(_copy_data.o)
 .text.libgcc   0x000023ce        0x0 c:/winavr-20100110/bin/../lib/gcc/avr/4.3.3/avr5\libgcc.a(_clear_bss.o)
 .text.libgcc   0x000023ce       0x28 c:/winavr-20100110/bin/../lib/gcc/avr/4.3.3/avr5\libgcc.a(_udivmodhi4.o)
                0x000023ce                __udivmodhi4
 .text.avr-libc
                0x000023f6      0x1b0 c:/winavr-20100110/bin/../lib/gcc/avr/4.3.3/../../../../avr/lib/avr5\libc.a(ftoa_engine.o)
                0x000023f6                __ftoa_engine
 .text.avr-libc
                0x000025a6       0x16 c:/winavr-20100110/bin/../lib/gcc/avr/4.3.3/../../../../avr/lib/avr5\libc.a(strnlen_P.o)
                0x000025a6                strnlen_P
 .text.avr-libc
                0x000025bc       0x16 c:/winavr-20100110/bin/../lib/gcc/avr/4.3.3/../../../../avr/lib/avr5\libc.a(strnlen.o)
                0x000025bc                strnlen
 .text.avr-libc
                0x000025d2       0x58 c:/winavr-20100110/bin/../lib/gcc/avr/4.3.3/../../../../avr/lib/avr5\libc.a(fputc.o)
                0x000025d2                fputc
 .text.avr-libc
                0x0000262a       0x2a c:/winavr-20100110/bin/../lib/gcc/avr/4.3.3/../../../../avr/lib/avr5\libc.a(printf.o)
                0x0000262a                printf
 .text.avr-libc
                0x00002654       0x48 c:/winavr-20100110/bin/../lib/gcc/avr/4.3.3/../../../../avr/lib/avr5\libc.a(sprintf.o)
                0x00002654                sprintf
 .text.avr-libc
                0x0000269c       0xbc c:/winavr-20100110/bin/../lib/gcc/avr/4.3.3/../../../../avr/lib/avr5\libc.a(ultoa_invert.o)
                0x0000269c                __ultoa_invert
                0x00002758                . = ALIGN (0x2)
 *(.fini9)
 .fini9         0x00002758        0x0 c:/winavr-20100110/bin/../lib/gcc/avr/4.3.3/avr5\libgcc.a(_exit.o)
                0x00002758                exit
                0x00002758                _exit
 *(.fini9)
 *(.fini8)
 *(.fini8)
 *(.fini7)
 *(.fini7)
 *(.fini6)
 *(.fini6)
 *(.fini5)
 *(.fini5)
 *(.fini4)
 *(.fini4)
 *(.fini3)
 *(.fini3)
 *(.fini2)
 *(.fini2)
 *(.fini1)
 *(.fini1)
 *(.fini0)
 .fini0         0x00002758        0x4 c:/winavr-20100110/bin/../lib/gcc/avr/4.3.3/avr5\libgcc.a(_exit.o)
 *(.fini0)
                0x0000275c                _etext = .

.data           0x00800100       0x66 load address 0x0000275c
                0x00800100                PROVIDE (__data_start, .)
 *(.data)
 .data          0x00800100        0x0 c:/winavr-20100110/bin/../lib/gcc/avr/4.3.3/../../../../avr/lib/avr5/crtm644p.o
 .data          0x00800100        0x0 c:/winavr-20100110/bin/../lib/gcc/avr/4.3.3/../../../../avr/lib/avr5\libprintf_flt.a(vfprintf_flt.o)
 .data          0x00800100        0x0 ./src/ADC.o
 .data          0x00800100        0x0 ./src/DAC.o
 .data          0x00800100        0x0 ./src/PID.o
 .data          0x00800100        0x0 ./src/Periph.o
 .data          0x00800100        0x0 ./src/SPI.o
 .data          0x00800100        0x0 ./src/USART.o
 .data          0x00800100        0x0 ./src/arm.o
 .data          0x00800100        0x0 ./src/button.o
 .data          0x00800100       0x1b ./src/main.o
 .data          0x0080011b        0x0 ./src/motors.o
 .data          0x0080011b        0x0 ./src/pot.o
 .data          0x0080011b        0x0 ./src/sensors.o
 .data          0x0080011b        0x0 R:\RBE3001\workspace1\RBELib\Release\libRBELib.a(Debug.o)
 .data          0x0080011b       0x14 R:\RBE3001\workspace1\RBELib\Release\libRBELib.a(SetServo.o)
 .data          0x0080012f        0x0 c:/winavr-20100110/bin/../lib/gcc/avr/4.3.3/../../../../avr/lib/avr5\libm.a(addsf3.o)
 .data          0x0080012f        0x0 c:/winavr-20100110/bin/../lib/gcc/avr/4.3.3/../../../../avr/lib/avr5\libm.a(addsf3x.o)
 .data          0x0080012f        0x0 c:/winavr-20100110/bin/../lib/gcc/avr/4.3.3/../../../../avr/lib/avr5\libm.a(atan2.o)
 .data          0x0080012f        0x0 c:/winavr-20100110/bin/../lib/gcc/avr/4.3.3/../../../../avr/lib/avr5\libm.a(atan.o)
 .data          0x0080012f        0x0 c:/winavr-20100110/bin/../lib/gcc/avr/4.3.3/../../../../avr/lib/avr5\libm.a(divsf3.o)
 .data          0x0080012f        0x0 c:/winavr-20100110/bin/../lib/gcc/avr/4.3.3/../../../../avr/lib/avr5\libm.a(divsf3x.o)
 .data          0x0080012f        0x0 c:/winavr-20100110/bin/../lib/gcc/avr/4.3.3/../../../../avr/lib/avr5\libm.a(fixsfsi.o)
 .data          0x0080012f        0x0 c:/winavr-20100110/bin/../lib/gcc/avr/4.3.3/../../../../avr/lib/avr5\libm.a(fixunssfsi.o)
 .data          0x0080012f        0x0 c:/winavr-20100110/bin/../lib/gcc/avr/4.3.3/../../../../avr/lib/avr5\libm.a(floatsisf.o)
 .data          0x0080012f        0x0 c:/winavr-20100110/bin/../lib/gcc/avr/4.3.3/../../../../avr/lib/avr5\libm.a(fp_inf.o)
 .data          0x0080012f        0x0 c:/winavr-20100110/bin/../lib/gcc/avr/4.3.3/../../../../avr/lib/avr5\libm.a(fp_nan.o)
 .data          0x0080012f        0x0 c:/winavr-20100110/bin/../lib/gcc/avr/4.3.3/../../../../avr/lib/avr5\libm.a(fp_powser.o)
 .data          0x0080012f        0x0 c:/winavr-20100110/bin/../lib/gcc/avr/4.3.3/../../../../avr/lib/avr5\libm.a(fp_pscA.o)
 .data          0x0080012f        0x0 c:/winavr-20100110/bin/../lib/gcc/avr/4.3.3/../../../../avr/lib/avr5\libm.a(fp_pscB.o)
 .data          0x0080012f        0x0 c:/winavr-20100110/bin/../lib/gcc/avr/4.3.3/../../../../avr/lib/avr5\libm.a(fp_round.o)
 .data          0x0080012f        0x0 c:/winavr-20100110/bin/../lib/gcc/avr/4.3.3/../../../../avr/lib/avr5\libm.a(fp_split3.o)
 .data          0x0080012f        0x0 c:/winavr-20100110/bin/../lib/gcc/avr/4.3.3/../../../../avr/lib/avr5\libm.a(fp_zero.o)
 .data          0x0080012f        0x0 c:/winavr-20100110/bin/../lib/gcc/avr/4.3.3/../../../../avr/lib/avr5\libm.a(inverse.o)
 .data          0x0080012f        0x0 c:/winavr-20100110/bin/../lib/gcc/avr/4.3.3/../../../../avr/lib/avr5\libm.a(mulsf3.o)
 .data          0x0080012f        0x0 c:/winavr-20100110/bin/../lib/gcc/avr/4.3.3/../../../../avr/lib/avr5\libm.a(mulsf3x.o)
 .data          0x0080012f        0x0 c:/winavr-20100110/bin/../lib/gcc/avr/4.3.3/../../../../avr/lib/avr5\libm.a(sqrt.o)
 .data          0x0080012f        0x0 c:/winavr-20100110/bin/../lib/gcc/avr/4.3.3/../../../../avr/lib/avr5\libm.a(square.o)
 .data          0x0080012f        0x0 c:/winavr-20100110/bin/../lib/gcc/avr/4.3.3/../../../../avr/lib/avr5\libm.a(fp_mpack.o)
 .data          0x0080012f        0x0 c:/winavr-20100110/bin/../lib/gcc/avr/4.3.3/../../../../avr/lib/avr5\libm.a(fp_norm2.o)
 .data          0x0080012f        0x0 c:/winavr-20100110/bin/../lib/gcc/avr/4.3.3/avr5\libgcc.a(_divmodhi4.o)
 .data          0x0080012f        0x0 c:/winavr-20100110/bin/../lib/gcc/avr/4.3.3/avr5\libgcc.a(_udivmodsi4.o)
 .data          0x0080012f        0x0 c:/winavr-20100110/bin/../lib/gcc/avr/4.3.3/avr5\libgcc.a(_prologue.o)
 .data          0x0080012f        0x0 c:/winavr-20100110/bin/../lib/gcc/avr/4.3.3/avr5\libgcc.a(_epilogue.o)
 .data          0x0080012f        0x0 c:/winavr-20100110/bin/../lib/gcc/avr/4.3.3/avr5\libgcc.a(_exit.o)
 .data          0x0080012f        0x0 c:/winavr-20100110/bin/../lib/gcc/avr/4.3.3/avr5\libgcc.a(_copy_data.o)
 .data          0x0080012f        0x0 c:/winavr-20100110/bin/../lib/gcc/avr/4.3.3/avr5\libgcc.a(_clear_bss.o)
 .data          0x0080012f        0x0 c:/winavr-20100110/bin/../lib/gcc/avr/4.3.3/avr5\libgcc.a(_udivmodhi4.o)
 .data          0x0080012f        0x0 c:/winavr-20100110/bin/../lib/gcc/avr/4.3.3/../../../../avr/lib/avr5\libc.a(ftoa_engine.o)
 .data          0x0080012f        0x0 c:/winavr-20100110/bin/../lib/gcc/avr/4.3.3/../../../../avr/lib/avr5\libc.a(strnlen_P.o)
 .data          0x0080012f        0x0 c:/winavr-20100110/bin/../lib/gcc/avr/4.3.3/../../../../avr/lib/avr5\libc.a(strnlen.o)
 .data          0x0080012f        0x0 c:/winavr-20100110/bin/../lib/gcc/avr/4.3.3/../../../../avr/lib/avr5\libc.a(fputc.o)
 .data          0x0080012f        0x0 c:/winavr-20100110/bin/../lib/gcc/avr/4.3.3/../../../../avr/lib/avr5\libc.a(iob.o)
 .data          0x0080012f        0x0 c:/winavr-20100110/bin/../lib/gcc/avr/4.3.3/../../../../avr/lib/avr5\libc.a(printf.o)
 .data          0x0080012f        0x0 c:/winavr-20100110/bin/../lib/gcc/avr/4.3.3/../../../../avr/lib/avr5\libc.a(sprintf.o)
 .data          0x0080012f        0x0 c:/winavr-20100110/bin/../lib/gcc/avr/4.3.3/../../../../avr/lib/avr5\libc.a(ultoa_invert.o)
 *(.data*)
 .data.testSetPoint
                0x0080012f        0x2 ./src/PID.o
                0x0080012f                testSetPoint
 .data.currentLink
                0x00800131        0x1 ./src/PID.o
                0x00800131                currentLink
 .data.gainP    0x00800132        0x4 ./src/PID.o
                0x00800132                gainP
 .data.gainI    0x00800136        0x4 ./src/PID.o
                0x00800136                gainI
 .data.gainD    0x0080013a        0x4 ./src/PID.o
                0x0080013a                gainD
 .data.rvCount  0x0080013e        0x2 ./src/Periph.o
                0x0080013e                rvCount
 .data.pawsX    0x00800140        0x2 ./src/button.o
                0x00800140                pawsX
 .data.pawsY    0x00800142        0x2 ./src/button.o
                0x00800142                pawsY
 .data.forLimit
                0x00800144        0x2 ./src/main.o
                0x00800144                forLimit
 .data.l0       0x00800146        0x4 ./src/motors.o
                0x00800146                l0
 .data.l1       0x0080014a        0x4 ./src/motors.o
                0x0080014a                l1
 .data.l2       0x0080014e        0x4 ./src/motors.o
                0x0080014e                l2
 .data.pi       0x00800152        0x4 ./src/motors.o
                0x00800152                pi
 .data.RBEOut   0x00800156        0xe R:\RBE3001\workspace1\RBELib\Release\libRBELib.a(Debug.o)
 *(.rodata)
 *(.rodata*)
 .rodata.storeSize
                0x00800164        0x2 ./src/PID.o
                0x00800164                storeSize
 *(.gnu.linkonce.d*)
                0x00800166                . = ALIGN (0x2)
                0x00800166                _edata = .
                0x00800166                PROVIDE (__data_end, .)

.bss            0x00800166      0x113
                0x00800166                PROVIDE (__bss_start, .)
 *(.bss)
 .bss           0x00800166        0x0 c:/winavr-20100110/bin/../lib/gcc/avr/4.3.3/../../../../avr/lib/avr5/crtm644p.o
 .bss           0x00800166        0x0 c:/winavr-20100110/bin/../lib/gcc/avr/4.3.3/../../../../avr/lib/avr5\libprintf_flt.a(vfprintf_flt.o)
 .bss           0x00800166        0x0 ./src/ADC.o
 .bss           0x00800166        0x0 ./src/DAC.o
 .bss           0x00800166        0x0 ./src/PID.o
 .bss           0x00800166        0x0 ./src/Periph.o
 .bss           0x00800166        0x0 ./src/SPI.o
 .bss           0x00800166        0x0 ./src/USART.o
 .bss           0x00800166        0x0 ./src/arm.o
 .bss           0x00800166        0x0 ./src/button.o
 .bss           0x00800166        0x0 ./src/main.o
 .bss           0x00800166        0x0 ./src/motors.o
 .bss           0x00800166        0x0 ./src/pot.o
 .bss           0x00800166        0x0 ./src/sensors.o
 .bss           0x00800166        0x0 R:\RBE3001\workspace1\RBELib\Release\libRBELib.a(Debug.o)
 .bss           0x00800166        0x0 R:\RBE3001\workspace1\RBELib\Release\libRBELib.a(SetServo.o)
 .bss           0x00800166        0x0 c:/winavr-20100110/bin/../lib/gcc/avr/4.3.3/../../../../avr/lib/avr5\libm.a(addsf3.o)
 .bss           0x00800166        0x0 c:/winavr-20100110/bin/../lib/gcc/avr/4.3.3/../../../../avr/lib/avr5\libm.a(addsf3x.o)
 .bss           0x00800166        0x0 c:/winavr-20100110/bin/../lib/gcc/avr/4.3.3/../../../../avr/lib/avr5\libm.a(atan2.o)
 .bss           0x00800166        0x0 c:/winavr-20100110/bin/../lib/gcc/avr/4.3.3/../../../../avr/lib/avr5\libm.a(atan.o)
 .bss           0x00800166        0x0 c:/winavr-20100110/bin/../lib/gcc/avr/4.3.3/../../../../avr/lib/avr5\libm.a(divsf3.o)
 .bss           0x00800166        0x0 c:/winavr-20100110/bin/../lib/gcc/avr/4.3.3/../../../../avr/lib/avr5\libm.a(divsf3x.o)
 .bss           0x00800166        0x0 c:/winavr-20100110/bin/../lib/gcc/avr/4.3.3/../../../../avr/lib/avr5\libm.a(fixsfsi.o)
 .bss           0x00800166        0x0 c:/winavr-20100110/bin/../lib/gcc/avr/4.3.3/../../../../avr/lib/avr5\libm.a(fixunssfsi.o)
 .bss           0x00800166        0x0 c:/winavr-20100110/bin/../lib/gcc/avr/4.3.3/../../../../avr/lib/avr5\libm.a(floatsisf.o)
 .bss           0x00800166        0x0 c:/winavr-20100110/bin/../lib/gcc/avr/4.3.3/../../../../avr/lib/avr5\libm.a(fp_inf.o)
 .bss           0x00800166        0x0 c:/winavr-20100110/bin/../lib/gcc/avr/4.3.3/../../../../avr/lib/avr5\libm.a(fp_nan.o)
 .bss           0x00800166        0x0 c:/winavr-20100110/bin/../lib/gcc/avr/4.3.3/../../../../avr/lib/avr5\libm.a(fp_powser.o)
 .bss           0x00800166        0x0 c:/winavr-20100110/bin/../lib/gcc/avr/4.3.3/../../../../avr/lib/avr5\libm.a(fp_pscA.o)
 .bss           0x00800166        0x0 c:/winavr-20100110/bin/../lib/gcc/avr/4.3.3/../../../../avr/lib/avr5\libm.a(fp_pscB.o)
 .bss           0x00800166        0x0 c:/winavr-20100110/bin/../lib/gcc/avr/4.3.3/../../../../avr/lib/avr5\libm.a(fp_round.o)
 .bss           0x00800166        0x0 c:/winavr-20100110/bin/../lib/gcc/avr/4.3.3/../../../../avr/lib/avr5\libm.a(fp_split3.o)
 .bss           0x00800166        0x0 c:/winavr-20100110/bin/../lib/gcc/avr/4.3.3/../../../../avr/lib/avr5\libm.a(fp_zero.o)
 .bss           0x00800166        0x0 c:/winavr-20100110/bin/../lib/gcc/avr/4.3.3/../../../../avr/lib/avr5\libm.a(inverse.o)
 .bss           0x00800166        0x0 c:/winavr-20100110/bin/../lib/gcc/avr/4.3.3/../../../../avr/lib/avr5\libm.a(mulsf3.o)
 .bss           0x00800166        0x0 c:/winavr-20100110/bin/../lib/gcc/avr/4.3.3/../../../../avr/lib/avr5\libm.a(mulsf3x.o)
 .bss           0x00800166        0x0 c:/winavr-20100110/bin/../lib/gcc/avr/4.3.3/../../../../avr/lib/avr5\libm.a(sqrt.o)
 .bss           0x00800166        0x0 c:/winavr-20100110/bin/../lib/gcc/avr/4.3.3/../../../../avr/lib/avr5\libm.a(square.o)
 .bss           0x00800166        0x0 c:/winavr-20100110/bin/../lib/gcc/avr/4.3.3/../../../../avr/lib/avr5\libm.a(fp_mpack.o)
 .bss           0x00800166        0x0 c:/winavr-20100110/bin/../lib/gcc/avr/4.3.3/../../../../avr/lib/avr5\libm.a(fp_norm2.o)
 .bss           0x00800166        0x0 c:/winavr-20100110/bin/../lib/gcc/avr/4.3.3/avr5\libgcc.a(_divmodhi4.o)
 .bss           0x00800166        0x0 c:/winavr-20100110/bin/../lib/gcc/avr/4.3.3/avr5\libgcc.a(_udivmodsi4.o)
 .bss           0x00800166        0x0 c:/winavr-20100110/bin/../lib/gcc/avr/4.3.3/avr5\libgcc.a(_prologue.o)
 .bss           0x00800166        0x0 c:/winavr-20100110/bin/../lib/gcc/avr/4.3.3/avr5\libgcc.a(_epilogue.o)
 .bss           0x00800166        0x0 c:/winavr-20100110/bin/../lib/gcc/avr/4.3.3/avr5\libgcc.a(_exit.o)
 .bss           0x00800166        0x0 c:/winavr-20100110/bin/../lib/gcc/avr/4.3.3/avr5\libgcc.a(_copy_data.o)
 .bss           0x00800166        0x0 c:/winavr-20100110/bin/../lib/gcc/avr/4.3.3/avr5\libgcc.a(_clear_bss.o)
 .bss           0x00800166        0x0 c:/winavr-20100110/bin/../lib/gcc/avr/4.3.3/avr5\libgcc.a(_udivmodhi4.o)
 .bss           0x00800166        0x0 c:/winavr-20100110/bin/../lib/gcc/avr/4.3.3/../../../../avr/lib/avr5\libc.a(ftoa_engine.o)
 .bss           0x00800166        0x0 c:/winavr-20100110/bin/../lib/gcc/avr/4.3.3/../../../../avr/lib/avr5\libc.a(strnlen_P.o)
 .bss           0x00800166        0x0 c:/winavr-20100110/bin/../lib/gcc/avr/4.3.3/../../../../avr/lib/avr5\libc.a(strnlen.o)
 .bss           0x00800166        0x0 c:/winavr-20100110/bin/../lib/gcc/avr/4.3.3/../../../../avr/lib/avr5\libc.a(fputc.o)
 .bss           0x00800166        0x0 c:/winavr-20100110/bin/../lib/gcc/avr/4.3.3/../../../../avr/lib/avr5\libc.a(iob.o)
 .bss           0x00800166        0x0 c:/winavr-20100110/bin/../lib/gcc/avr/4.3.3/../../../../avr/lib/avr5\libc.a(printf.o)
 .bss           0x00800166        0x0 c:/winavr-20100110/bin/../lib/gcc/avr/4.3.3/../../../../avr/lib/avr5\libc.a(sprintf.o)
 .bss           0x00800166        0x0 c:/winavr-20100110/bin/../lib/gcc/avr/4.3.3/../../../../avr/lib/avr5\libc.a(ultoa_invert.o)
 *(.bss*)
 .bss.val       0x00800166        0x2 ./src/button.o
                0x00800166                val
 .bss.timer0count
                0x00800168        0x2 ./src/main.o
                0x00800168                timer0count
 .bss.isSettled
                0x0080016a        0x1 ./src/main.o
                0x0080016a                isSettled
 .bss.counts    0x0080016b        0x2 ./src/main.o
                0x0080016b                counts
 .bss.total     0x0080016d        0x4 ./src/main.o
                0x0080016d                total
 .bss.potL1     0x00800171        0x2 ./src/main.o
                0x00800171                potL1
 .bss.potL2     0x00800173        0x2 ./src/main.o
                0x00800173                potL2
 .bss.Ax        0x00800175        0x2 ./src/main.o
                0x00800175                Ax
 .bss.Ay        0x00800177        0x2 ./src/main.o
                0x00800177                Ay
 .bss.Az        0x00800179        0x2 ./src/main.o
                0x00800179                Az
 .bss.goToAngle
                0x0080017b        0x2 ./src/main.o
                0x0080017b                goToAngle
 .bss.lastCount0
                0x0080017d        0x4 ./src/sensors.o
                0x0080017d                lastCount0
 .bss.lastCount1
                0x00800181        0x4 ./src/sensors.o
                0x00800181                lastCount1
 *(COMMON)
 COMMON         0x00800185       0xba ./src/PID.o
                0x00800185                historyH
                0x008001d5                pidConsts
                0x008001ed                historyL
                0x0080023d                value
 COMMON         0x0080023f        0x8 ./src/button.o
                0x0080023f                buttonState
                0x00800241                prevAngle
                0x00800243                angle
                0x00800245                prevButton
 COMMON         0x00800247       0x14 ./src/main.o
                0x00800247                currentVal
                0x00800249                testVal
                0x0080024b                potCounts
                0x0080024d                potDegs
                0x0080024f                dir
                0x00800251                thisCurrent
                0x00800253                strtTime
                0x00800255                thisCurrentRaw
                0x00800257                armPos
                0x00800259                potmVolts
 COMMON         0x0080025b       0x10 ./src/motors.o
                0x0080025b                numerator1
                0x0080025f                denominator1
                0x00800263                numerator2
                0x00800267                denominator2
 COMMON         0x0080026b        0x8 ./src/sensors.o
                0x0080026b                currentCount
                0x0080026f                difference
 COMMON         0x00800273        0x6 c:/winavr-20100110/bin/../lib/gcc/avr/4.3.3/../../../../avr/lib/avr5\libc.a(iob.o)
                0x00800273                __iob
                0x00800279                PROVIDE (__bss_end, .)
                0x0000275c                __data_load_start = LOADADDR (.data)
                0x000027c2                __data_load_end = (__data_load_start + SIZEOF (.data))

.noinit         0x00800279        0x0
                0x00800279                PROVIDE (__noinit_start, .)
 *(.noinit*)
                0x00800279                PROVIDE (__noinit_end, .)
                0x00800279                _end = .
                0x00800279                PROVIDE (__heap_start, .)

.eeprom         0x00810000        0x0
 *(.eeprom*)
                0x00810000                __eeprom_end = .

.fuse
 *(.fuse)
 *(.lfuse)
 *(.hfuse)
 *(.efuse)

.lock
 *(.lock*)

.signature
 *(.signature*)

.stab
 *(.stab)

.stabstr
 *(.stabstr)

.stab.excl
 *(.stab.excl)

.stab.exclstr
 *(.stab.exclstr)

.stab.index
 *(.stab.index)

.stab.indexstr
 *(.stab.indexstr)

.comment
 *(.comment)

.debug
 *(.debug)

.line
 *(.line)

.debug_srcinfo
 *(.debug_srcinfo)

.debug_sfnames
 *(.debug_sfnames)

.debug_aranges
 *(.debug_aranges)

.debug_pubnames
 *(.debug_pubnames)

.debug_info
 *(.debug_info)
 *(.gnu.linkonce.wi.*)

.debug_abbrev
 *(.debug_abbrev)

.debug_line
 *(.debug_line)

.debug_frame
 *(.debug_frame)

.debug_str
 *(.debug_str)

.debug_loc
 *(.debug_loc)

.debug_macinfo
 *(.debug_macinfo)
OUTPUT(Lab3.elf elf32-avr)
LOAD linker stubs
